[    0.000000] Initializing cgroup subsys cpuset
[    0.000000] Initializing cgroup subsys cpu
[    0.000000] Initializing cgroup subsys cpuacct
[    0.000000] Linux version 4.4.0-165-generic (buildd@lgw01-amd64-027) (gcc version 5.4.0 20160609 (Ubuntu 5.4.0-6ubuntu1~16.04.10) ) #193-Ubuntu SMP Tue Sep 17 17:42:52 UTC 2019 (Ubuntu 4.4.0-165.193-generic 4.4.189)
[    0.000000] Command line: BOOT_IMAGE=/boot/vmlinuz-4.4.0-165-generic root=LABEL=cloudimg-rootfs ro console=tty1 console=ttyS0
[    0.000000] KERNEL supported cpus:
[    0.000000]   Intel GenuineIntel
[    0.000000]   AMD AuthenticAMD
[    0.000000]   Centaur CentaurHauls
[    0.000000] x86/fpu: xstate_offset[2]:  576, xstate_sizes[2]:  256
[    0.000000] x86/fpu: Supporting XSAVE feature 0x01: 'x87 floating point registers'
[    0.000000] x86/fpu: Supporting XSAVE feature 0x02: 'SSE registers'
[    0.000000] x86/fpu: Supporting XSAVE feature 0x04: 'AVX registers'
[    0.000000] x86/fpu: Enabled xstate features 0x7, context size is 832 bytes, using 'standard' format.
[    0.000000] e820: BIOS-provided physical RAM map:
[    0.000000] BIOS-e820: [mem 0x0000000000000000-0x000000000009fbff] usable
[    0.000000] BIOS-e820: [mem 0x000000000009fc00-0x000000000009ffff] reserved
[    0.000000] BIOS-e820: [mem 0x00000000000f0000-0x00000000000fffff] reserved
[    0.000000] BIOS-e820: [mem 0x0000000000100000-0x000000003ffeffff] usable
[    0.000000] BIOS-e820: [mem 0x000000003fff0000-0x000000003fffffff] ACPI data
[    0.000000] BIOS-e820: [mem 0x00000000fec00000-0x00000000fec00fff] reserved
[    0.000000] BIOS-e820: [mem 0x00000000fee00000-0x00000000fee00fff] reserved
[    0.000000] BIOS-e820: [mem 0x00000000fffc0000-0x00000000ffffffff] reserved
[    0.000000] NX (Execute Disable) protection: active
[    0.000000] SMBIOS 2.5 present.
[    0.000000] Hypervisor detected: KVM
[    0.000000] e820: last_pfn = 0x3fff0 max_arch_pfn = 0x400000000
[    0.000000] MTRR: Disabled
[    0.000000] x86/PAT: MTRRs disabled, skipping PAT initialization too.
[    0.000000] CPU MTRRs all blank - virtualized system.
[    0.000000] x86/PAT: Configuration [0-7]: WB  WT  UC- UC  WB  WT  UC- UC  
[    0.000000] found SMP MP-table at [mem 0x0009fff0-0x0009ffff] mapped at [ffff88000009fff0]
[    0.000000] Scanning 1 areas for low memory corruption
[    0.000000] RAMDISK: [mem 0x362fa000-0x37174fff]
[    0.000000] ACPI: Early table checksum verification disabled
[    0.000000] ACPI: RSDP 0x00000000000E0000 000024 (v02 VBOX  )
[    0.000000] ACPI: XSDT 0x000000003FFF0030 00003C (v01 VBOX   VBOXXSDT 00000001 ASL  00000061)
[    0.000000] ACPI: FACP 0x000000003FFF00F0 0000F4 (v04 VBOX   VBOXFACP 00000001 ASL  00000061)
[    0.000000] ACPI: DSDT 0x000000003FFF0470 0022EA (v02 VBOX   VBOXBIOS 00000002 INTL 20100528)
[    0.000000] ACPI: FACS 0x000000003FFF0200 000040
[    0.000000] ACPI: FACS 0x000000003FFF0200 000040
[    0.000000] ACPI: APIC 0x000000003FFF0240 00005C (v02 VBOX   VBOXAPIC 00000001 ASL  00000061)
[    0.000000] ACPI: SSDT 0x000000003FFF02A0 0001CC (v01 VBOX   VBOXCPUT 00000002 INTL 20100528)
[    0.000000] No NUMA configuration found
[    0.000000] Faking a node at [mem 0x0000000000000000-0x000000003ffeffff]
[    0.000000] NODE_DATA(0) allocated [mem 0x3ffeb000-0x3ffeffff]
[    0.000000] kvm-clock: Using msrs 4b564d01 and 4b564d00
[    0.000000] kvm-clock: cpu 0, msr 0:3ffe3001, primary cpu clock
[    0.000000] kvm-clock: using sched offset of 3591417056 cycles
[    0.000000] clocksource: kvm-clock: mask: 0xffffffffffffffff max_cycles: 0x1cd42e4dffb, max_idle_ns: 881590591483 ns
[    0.000000] Zone ranges:
[    0.000000]   DMA      [mem 0x0000000000001000-0x0000000000ffffff]
[    0.000000]   DMA32    [mem 0x0000000001000000-0x000000003ffeffff]
[    0.000000]   Normal   empty
[    0.000000]   Device   empty
[    0.000000] Movable zone start for each node
[    0.000000] Early memory node ranges
[    0.000000]   node   0: [mem 0x0000000000001000-0x000000000009efff]
[    0.000000]   node   0: [mem 0x0000000000100000-0x000000003ffeffff]
[    0.000000] Initmem setup node 0 [mem 0x0000000000001000-0x000000003ffeffff]
[    0.000000] ACPI: PM-Timer IO Port: 0x4008
[    0.000000] IOAPIC[0]: apic_id 2, version 32, address 0xfec00000, GSI 0-23
[    0.000000] ACPI: INT_SRC_OVR (bus 0 bus_irq 0 global_irq 2 dfl dfl)
[    0.000000] ACPI: INT_SRC_OVR (bus 0 bus_irq 9 global_irq 9 low level)
[    0.000000] Using ACPI (MADT) for SMP configuration information
[    0.000000] smpboot: Allowing 2 CPUs, 0 hotplug CPUs
[    0.000000] PM: Registered nosave memory: [mem 0x00000000-0x00000fff]
[    0.000000] PM: Registered nosave memory: [mem 0x0009f000-0x0009ffff]
[    0.000000] PM: Registered nosave memory: [mem 0x000a0000-0x000effff]
[    0.000000] PM: Registered nosave memory: [mem 0x000f0000-0x000fffff]
[    0.000000] e820: [mem 0x40000000-0xfebfffff] available for PCI devices
[    0.000000] Booting paravirtualized kernel on KVM
[    0.000000] clocksource: refined-jiffies: mask: 0xffffffff max_cycles: 0xffffffff, max_idle_ns: 7645519600211568 ns
[    0.000000] setup_percpu: NR_CPUS:512 nr_cpumask_bits:512 nr_cpu_ids:2 nr_node_ids:1
[    0.000000] PERCPU: Embedded 34 pages/cpu @ffff88003fc00000 s99544 r8192 d31528 u1048576
[    0.000000] Built 1 zonelists in Node order, mobility grouping on.  Total pages: 257912
[    0.000000] Policy zone: DMA32
[    0.000000] Kernel command line: BOOT_IMAGE=/boot/vmlinuz-4.4.0-165-generic root=LABEL=cloudimg-rootfs ro console=tty1 console=ttyS0
[    0.000000] PID hash table entries: 4096 (order: 3, 32768 bytes)
[    0.000000] Memory: 997732K/1048120K available (8621K kernel code, 1335K rwdata, 4032K rodata, 1484K init, 1284K bss, 50388K reserved, 0K cma-reserved)
[    0.000000] SLUB: HWalign=64, Order=0-3, MinObjects=0, CPUs=2, Nodes=1
[    0.000000] Kernel/User page tables isolation: enabled
[    0.000000] Hierarchical RCU implementation.
[    0.000000] 	Build-time adjustment of leaf fanout to 64.
[    0.000000] 	RCU restricting CPUs from NR_CPUS=512 to nr_cpu_ids=2.
[    0.000000] RCU: Adjusting geometry for rcu_fanout_leaf=64, nr_cpu_ids=2
[    0.000000] NR_IRQS:33024 nr_irqs:440 16
[    0.000000] Console: colour VGA+ 80x25
[    0.000000] console [tty1] enabled
[    0.000000] console [ttyS0] enabled
[    0.000000] tsc: Detected 2712.000 MHz processor
[    0.205125] Calibrating delay loop (skipped) preset value.. 5424.00 BogoMIPS (lpj=10848000)
[    0.207292] pid_max: default: 32768 minimum: 301
[    0.208620] ACPI: Core revision 20150930
[    0.212729] ACPI: 2 ACPI AML tables successfully acquired and loaded
[    0.214782] Security Framework initialized
[    0.216109] Yama: becoming mindful.
[    0.217459] AppArmor: AppArmor initialized
[    0.218883] Dentry cache hash table entries: 131072 (order: 8, 1048576 bytes)
[    0.224432] Inode-cache hash table entries: 65536 (order: 7, 524288 bytes)
[    0.226957] Mount-cache hash table entries: 2048 (order: 2, 16384 bytes)
[    0.228581] Mountpoint-cache hash table entries: 2048 (order: 2, 16384 bytes)
[    0.230581] Initializing cgroup subsys io
[    0.231704] Initializing cgroup subsys memory
[    0.233049] Initializing cgroup subsys devices
[    0.234548] Initializing cgroup subsys freezer
[    0.235798] Initializing cgroup subsys net_cls
[    0.237121] Initializing cgroup subsys perf_event
[    0.238297] Initializing cgroup subsys net_prio
[    0.239448] Initializing cgroup subsys hugetlb
[    0.240611] Initializing cgroup subsys pids
[    0.243437] mce: CPU supports 0 MCE banks
[    0.244553] Last level iTLB entries: 4KB 64, 2MB 8, 4MB 8
[    0.245905] Last level dTLB entries: 4KB 64, 2MB 0, 4MB 0, 1GB 4
[    0.247446] Spectre V1 : Mitigation: usercopy/swapgs barriers and __user pointer sanitization
[    0.249861] Spectre V2 : Mitigation: Full generic retpoline
[    0.251675] Spectre V2 : Spectre v2 / SpectreRSB mitigation: Filling RSB on context switch
[    0.254071] Speculative Store Bypass: Vulnerable
[    0.255409] MDS: Vulnerable: Clear CPU buffers attempted, no microcode
[    0.260421] Freeing SMP alternatives memory: 36K
[    0.268954] ftrace: allocating 32318 entries in 127 pages
[    0.345807] smpboot: APIC(0) Converting physical 0 to logical package 0
[    0.347525] smpboot: Max logical packages: 1
[    0.349183] x2apic enabled
[    0.350477] Switched APIC routing to physical x2apic.
[    0.353516] ..TIMER: vector=0x30 apic1=0 pin1=2 apic2=-1 pin2=-1
[    0.460889] smpboot: CPU0: Intel(R) Core(TM) i5-7200U CPU @ 2.50GHz (family: 0x6, model: 0x8e, stepping: 0x9)
[    0.463859] Performance Events: unsupported p6 CPU model 142 no PMU driver, software events only.
[    0.478934] KVM setup paravirtual spinlock
[    0.480892] x86: Booting SMP configuration:
[    0.482207] .... node  #0, CPUs:      #1
[    0.483412] kvm-clock: cpu 1, msr 0:3ffe3041, secondary cpu clock
[    0.486890] mce: CPU supports 0 MCE banks
[    0.490026] x86: Booted up 1 node, 2 CPUs
[    0.491474] smpboot: Total of 2 processors activated (10848.00 BogoMIPS)
[    0.493879] devtmpfs: initialized
[    0.496400] evm: security.selinux
[    0.497565] evm: security.SMACK64
[    0.498750] evm: security.SMACK64EXEC
[    0.499872] evm: security.SMACK64TRANSMUTE
[    0.501151] evm: security.SMACK64MMAP
[    0.502334] evm: security.ima
[    0.503433] evm: security.capability
[    0.504764] clocksource: jiffies: mask: 0xffffffff max_cycles: 0xffffffff, max_idle_ns: 7645041785100000 ns
[    0.507579] futex hash table entries: 512 (order: 3, 32768 bytes)
[    0.509433] pinctrl core: initialized pinctrl subsystem
[    0.511119] RTC time: 13:51:46, date: 10/09/19
[    0.512597] NET: Registered protocol family 16
[    0.527525] cpuidle: using governor ladder
[    0.541531] cpuidle: using governor menu
[    0.543024] PCCT header not found.
[    0.544412] ACPI: bus type PCI registered
[    0.545970] acpiphp: ACPI Hot Plug PCI Controller Driver version: 0.5
[    0.548019] PCI: Using configuration type 1 for base access
[    0.562428] ACPI: Added _OSI(Module Device)
[    0.563712] ACPI: Added _OSI(Processor Device)
[    0.565085] ACPI: Added _OSI(3.0 _SCP Extensions)
[    0.566509] ACPI: Added _OSI(Processor Aggregator Device)
[    0.568837] ACPI: Executed 1 blocks of module-level executable AML code
[    0.573921] ACPI: Interpreter enabled
[    0.575128] ACPI: (supports S0 S5)
[    0.576246] ACPI: Using IOAPIC for interrupt routing
[    0.578155] PCI: Using host bridge windows from ACPI; if necessary, use "pci=nocrs" and report a bug
[    0.584943] ACPI: PCI Root Bridge [PCI0] (domain 0000 [bus 00-ff])
[    0.586634] acpi PNP0A03:00: _OSC: OS supports [ASPM ClockPM Segments MSI]
[    0.588820] acpi PNP0A03:00: _OSC: not requesting OS control; OS requires [ExtendedConfig ASPM ClockPM MSI]
[    0.591604] acpi PNP0A03:00: fail to add MMCONFIG information, can't access extended PCI configuration space under this bridge.
[    0.594989] PCI host bridge to bus 0000:00
[    0.596247] pci_bus 0000:00: root bus resource [io  0x0000-0x0cf7 window]
[    0.598070] pci_bus 0000:00: root bus resource [io  0x0d00-0xffff window]
[    0.599911] pci_bus 0000:00: root bus resource [mem 0x000a0000-0x000bffff window]
[    0.602220] pci_bus 0000:00: root bus resource [mem 0x40000000-0xfdffffff window]
[    0.604428] pci_bus 0000:00: root bus resource [bus 00-ff]
[    0.608167] pci 0000:00:01.1: legacy IDE quirk: reg 0x10: [io  0x01f0-0x01f7]
[    0.610032] pci 0000:00:01.1: legacy IDE quirk: reg 0x14: [io  0x03f6]
[    0.611725] pci 0000:00:01.1: legacy IDE quirk: reg 0x18: [io  0x0170-0x0177]
[    0.613590] pci 0000:00:01.1: legacy IDE quirk: reg 0x1c: [io  0x0376]
[    0.655296] pci 0000:00:07.0: quirk: [io  0x4000-0x403f] claimed by PIIX4 ACPI
[    0.657564] pci 0000:00:07.0: quirk: [io  0x4100-0x410f] claimed by PIIX4 SMB
[    0.667278] ACPI: PCI Interrupt Link [LNKA] (IRQs 5 9 10 *11)
[    0.669874] ACPI: PCI Interrupt Link [LNKB] (IRQs 5 9 *10 11)
[    0.672356] ACPI: PCI Interrupt Link [LNKC] (IRQs 5 *9 10 11)
[    0.674578] ACPI: PCI Interrupt Link [LNKD] (IRQs 5 9 10 *11)
[    0.676956] ACPI: Enabled 2 GPEs in block 00 to 07
[    0.678950] vgaarb: setting as boot device: PCI:0000:00:02.0
[    0.680437] vgaarb: device added: PCI:0000:00:02.0,decodes=io+mem,owns=io+mem,locks=none
[    0.682889] vgaarb: loaded
[    0.683856] vgaarb: bridge control possible 0000:00:02.0
[    0.685619] SCSI subsystem initialized
[    0.687062] ACPI: bus type USB registered
[    0.688316] usbcore: registered new interface driver usbfs
[    0.689873] usbcore: registered new interface driver hub
[    0.691332] usbcore: registered new device driver usb
[    0.693167] PCI: Using ACPI for IRQ routing
[    0.694823] NetLabel: Initializing
[    0.695895] NetLabel:  domain hash size = 128
[    0.697117] NetLabel:  protocols = UNLABELED CIPSOv4
[    0.701822] NetLabel:  unlabeled traffic allowed by default
[    0.703826] amd_nb: Cannot enumerate AMD northbridges
[    0.705419] clocksource: Switched to clocksource kvm-clock
[    0.719074] AppArmor: AppArmor Filesystem Enabled
[    0.720513] pnp: PnP ACPI init
[    0.722407] pnp: PnP ACPI: found 3 devices
[    0.735105] clocksource: acpi_pm: mask: 0xffffff max_cycles: 0xffffff, max_idle_ns: 2085701024 ns
[    0.737944] NET: Registered protocol family 2
[    0.739438] TCP established hash table entries: 8192 (order: 4, 65536 bytes)
[    0.741396] TCP bind hash table entries: 8192 (order: 5, 131072 bytes)
[    0.743201] TCP: Hash tables configured (established 8192 bind 8192)
[    0.744939] UDP hash table entries: 512 (order: 2, 16384 bytes)
[    0.746589] UDP-Lite hash table entries: 512 (order: 2, 16384 bytes)
[    0.748340] NET: Registered protocol family 1
[    0.749605] pci 0000:00:00.0: Limiting direct PCI/PCI transfers
[    0.751299] pci 0000:00:01.0: Activating ISA DMA hang workarounds
[    0.753045] Unpacking initramfs...
[    1.027094] Freeing initrd memory: 14828K
[    1.028520] clocksource: tsc: mask: 0xffffffffffffffff max_cycles: 0x2717868ea45, max_idle_ns: 440795316085 ns
[    1.031275] platform rtc_cmos: registered platform RTC device (no PNP device found)
[    1.033539] Scanning for low memory corruption every 60 seconds
[    1.035627] audit: initializing netlink subsys (disabled)
[    1.037161] audit: type=2000 audit(1570629111.775:1): initialized
[    1.039263] Initialise system trusted keyring
[    1.040853] HugeTLB registered 2 MB page size, pre-allocated 0 pages
[    1.044203] zbud: loaded
[    1.046604] VFS: Disk quotas dquot_6.6.0
[    1.048365] VFS: Dquot-cache hash table entries: 512 (order 0, 4096 bytes)
[    1.051529] squashfs: version 4.0 (2009/01/31) Phillip Lougher
[    1.054310] fuse init (API version 7.23)
[    1.056069] Key type big_key registered
[    1.057498] Allocating IMA MOK and blacklist keyrings.
[    1.061356] Key type asymmetric registered
[    1.062938] Asymmetric key parser 'x509' registered
[    1.064907] Block layer SCSI generic (bsg) driver version 0.4 loaded (major 249)
[    1.068012] io scheduler noop registered
[    1.069603] io scheduler deadline registered (default)
[    1.071589] io scheduler cfq registered
[    1.073260] pci_hotplug: PCI Hot Plug PCI Core version: 0.5
[    1.075008] pciehp: PCI Express Hot Plug Controller Driver version: 0.4
[    1.077214] ACPI: AC Adapter [AC] (on-line)
[    1.079104] input: Power Button as /devices/LNXSYSTM:00/LNXPWRBN:00/input/input0
[    1.081483] ACPI: Power Button [PWRF]
[    1.083104] input: Sleep Button as /devices/LNXSYSTM:00/LNXSLPBN:00/input/input1
[    1.085783] ACPI: Sleep Button [SLPF]
[    1.087522] GHES: HEST is not enabled!
[    1.088669] ACPI: Battery Slot [BAT0] (battery present)
[    1.091019] Serial: 8250/16550 driver, 32 ports, IRQ sharing enabled
[    1.114172] 00:02: ttyS0 at I/O 0x3f8 (irq = 4, base_baud = 115200) is a 16550A
[    1.121066] Linux agpgart interface v0.103
[    1.124960] loop: module loaded
[    1.127241] scsi host0: ata_piix
[    1.128286] scsi host1: ata_piix
[    1.129237] ata1: PATA max UDMA/33 cmd 0x1f0 ctl 0x3f6 bmdma 0xd000 irq 14
[    1.130863] ata2: PATA max UDMA/33 cmd 0x170 ctl 0x376 bmdma 0xd008 irq 15
[    1.133597] libphy: Fixed MDIO Bus: probed
[    1.135733] tun: Universal TUN/TAP device driver, 1.6
[    1.137539] tun: (C) 1999-2004 Max Krasnyansky <maxk@qualcomm.com>
[    1.141213] PPP generic driver version 2.4.2
[    1.149658] ehci_hcd: USB 2.0 'Enhanced' Host Controller (EHCI) Driver
[    1.155258] ehci-pci: EHCI PCI platform driver
[    1.157916] ehci-platform: EHCI generic platform driver
[    1.161158] ohci_hcd: USB 1.1 'Open' Host Controller (OHCI) Driver
[    1.164321] ohci-pci: OHCI PCI platform driver
[    1.167124] ohci-platform: OHCI generic platform driver
[    1.169762] uhci_hcd: USB Universal Host Controller Interface driver
[    1.172155] i8042: PNP: PS/2 Controller [PNP0303:PS2K,PNP0f03:PS2M] at 0x60,0x64 irq 1,12
[    1.175725] serio: i8042 KBD port at 0x60,0x64 irq 1
[    1.177428] serio: i8042 AUX port at 0x60,0x64 irq 12
[    1.179566] mousedev: PS/2 mouse device common for all mice
[    1.181798] input: AT Translated Set 2 keyboard as /devices/platform/i8042/serio0/input/input2
[    1.185675] rtc_cmos rtc_cmos: rtc core: registered rtc_cmos as rtc0
[    1.187993] rtc_cmos rtc_cmos: alarms up to one day, 114 bytes nvram
[    1.190279] i2c /dev entries driver
[    1.191869] device-mapper: uevent: version 1.0.3
[    1.193718] device-mapper: ioctl: 4.34.0-ioctl (2015-10-28) initialised: dm-devel@redhat.com
[    1.196913] ledtrig-cpu: registered to indicate activity on CPUs
[    1.199633] NET: Registered protocol family 10
[    1.201666] NET: Registered protocol family 17
[    1.203413] Key type dns_resolver registered
[    1.205752] registered taskstats version 1
[    1.207012] Loading compiled-in X.509 certificates
[    1.208905] Loaded X.509 cert 'Build time autogenerated kernel key: 0ed82eac04367aa6426493b1389455ebf6830eaa'
[    1.211867] zswap: loaded using pool lzo/zbud
[    1.215852] Key type trusted registered
[    1.220983] Key type encrypted registered
[    1.222152] AppArmor: AppArmor sha1 policy hashing enabled
[    1.223532] ima: No TPM chip found, activating TPM-bypass!
[    1.224915] ima: Allocated hash algorithm: sha1
[    1.226207] evm: HMAC attrs: 0x1
[    1.227772]   Magic number: 7:418:887
[    1.229190] rtc_cmos rtc_cmos: setting system clock to 2019-10-09 13:51:46 UTC (1570629106)
[    1.232184] BIOS EDD facility v0.16 2004-Jun-25, 0 devices found
[    1.234000] EDD information not available.
[    1.291244] Freeing unused kernel memory: 1484K
[    1.292918] Write protecting the kernel read-only data: 14336k
[    1.295476] Freeing unused kernel memory: 1608K
[    1.297436] Freeing unused kernel memory: 64K
Loading, please wait...
starting version 229
[    1.317280] random: systemd-udevd: uninitialized urandom read (16 bytes read, 3 bits of entropy available)
[    1.318523] random: udevadm: uninitialized urandom read (16 bytes read, 3 bits of entropy available)
[    1.318565] random: udevadm: uninitialized urandom read (16 bytes read, 3 bits of entropy available)
[    1.329295] random: systemd-udevd: uninitialized urandom read (16 bytes read, 3 bits of entropy available)
[    1.330186] random: udevadm: uninitialized urandom read (16 bytes read, 3 bits of entropy available)
[    1.330238] random: udevadm: uninitialized urandom read (16 bytes read, 3 bits of entropy available)
[    1.330422] random: udevadm: uninitialized urandom read (16 bytes read, 3 bits of entropy available)
[    1.330485] random: udevadm: uninitialized urandom read (16 bytes read, 3 bits of entropy available)
[    1.330588] random: udevadm: uninitialized urandom read (16 bytes read, 3 bits of entropy available)
[    1.330657] random: udevadm: uninitialized urandom read (16 bytes read, 3 bits of entropy available)
[    1.387932] e1000: Intel(R) PRO/1000 Network Driver - version 7.3.21-k8-NAPI
[    1.390503] e1000: Copyright (c) 1999-2006 Intel Corporation.
[    1.394716] Fusion MPT base driver 3.04.20
[    1.396636] Copyright (c) 1999-2008 LSI Corporation
[    1.440071] Fusion MPT SPI Host driver 3.04.20
[    1.441954] AVX2 version of gcm_enc/dec engaged.
[    1.443107] AES CTR mode by8 optimization enabled
[    1.626057] input: ImExPS/2 Generic Explorer Mouse as /devices/platform/i8042/serio1/input/input4
[    1.809088] e1000 0000:00:03.0 eth0: (PCI:33MHz:32-bit) 02:0e:9b:2d:5b:92
[    1.811254] e1000 0000:00:03.0 eth0: Intel(R) PRO/1000 Network Connection
[    1.814433] e1000 0000:00:03.0 enp0s3: renamed from eth0
[    1.816947] mptbase: ioc0: Initiating bringup
[    1.885764] ioc0: LSI53C1030 A0: Capabilities={Initiator}
[    2.051807] scsi host2: ioc0: LSI53C1030 A0, FwRev=00000000h, Ports=1, MaxQ=256, IRQ=20
[    2.170103] scsi 2:0:0:0: Direct-Access     VBOX     HARDDISK         1.0  PQ: 0 ANSI: 5
[    2.172503] scsi target2:0:0: Beginning Domain Validation
[    2.176575] scsi target2:0:0: Domain Validation skipping write tests
[    2.178027] scsi target2:0:0: Ending Domain Validation
[    2.179438] scsi target2:0:0: asynchronous
[    2.181052] scsi 2:0:1:0: Direct-Access     VBOX     HARDDISK         1.0  PQ: 0 ANSI: 5
[    2.183247] scsi target2:0:1: Beginning Domain Validation
[    2.185504] scsi target2:0:1: Domain Validation skipping write tests
[    2.186977] scsi target2:0:1: Ending Domain Validation
[    2.188277] scsi target2:0:1: asynchronous
[    2.212443] sd 2:0:0:0: Attached scsi generic sg0 type 0
[    2.214275] sd 2:0:0:0: [sda] 20971520 512-byte logical blocks: (10.7 GB/10.0 GiB)
[    2.217981] sd 2:0:1:0: Attached scsi generic sg1 type 0
[    2.217996] sd 2:0:1:0: [sdb] 20480 512-byte logical blocks: (10.5 MB/10.0 MiB)
[    2.220471] sd 2:0:0:0: [sda] Write Protect is off
[    2.224628] sd 2:0:1:0: [sdb] Write Protect is off
[    2.226419] sd 2:0:0:0: [sda] Incomplete mode parameter data
[    2.228322] sd 2:0:0:0: [sda] Assuming drive cache: write through
[    2.230171] sd 2:0:1:0: [sdb] Incomplete mode parameter data
[    2.231632] sd 2:0:1:0: [sdb] Assuming drive cache: write through
[    2.236532]  sda: sda1
[    2.239028] sd 2:0:0:0: [sda] Attached SCSI disk
[    2.239364] sd 2:0:1:0: [sdb] Attached SCSI disk
Begin: Loading essential drivers ... [    3.778644] md: linear personality registered for level -1
[    3.782707] md: multipath personality registered for level -4
[    3.786828] md: raid0 personality registered for level 0
[    3.792243] md: raid1 personality registered for level 1
[    3.861833] raid6: sse2x1   gen() 10259 MB/s
[    3.929654] raid6: sse2x1   xor()  7645 MB/s
[    3.997498] raid6: sse2x2   gen() 12795 MB/s
[    4.065865] raid6: sse2x2   xor()  8856 MB/s
[    4.133638] raid6: sse2x4   gen() 14454 MB/s
[    4.201496] raid6: sse2x4   xor()  9047 MB/s
[    4.270335] raid6: avx2x1   gen() 11879 MB/s
[    4.337622] raid6: avx2x2   gen() 22029 MB/s
[    4.405468] raid6: avx2x4   gen() 25656 MB/s
[    4.406652] raid6: using algorithm avx2x4 gen() 25656 MB/s
[    4.408079] raid6: using avx2x2 recovery algorithm
[    4.410706] xor: automatically using best checksumming function:
[    4.449931]    avx       : 22969.000 MB/sec
[    4.452701] async_tx: api initialized (async)
[    4.465604] md: raid6 personality registered for level 6
[    4.467507] md: raid5 personality registered for level 5
[    4.468928] md: raid4 personality registered for level 4
[    4.477673] md: raid10 personality registered for level 10
done.
Begin: Running /scripts/init-premount ... done.
Begin: Mounting root file system ... Begin: Running /scripts/local-top ... done.
Begin: Running /scripts/local-premount ... [    4.520786] Btrfs loaded
Scanning for Btrfs filesystems
done.
Warning: fsck not present, so skipping root file system
[    4.567203] EXT4-fs (sda1): mounted filesystem with ordered data mode. Opts: (null)
done.
Begin: Running /scripts/local-bottom ... done.
Begin: Running /scripts/init-bottom ... done.
[    4.704295] systemd[1]: systemd 229 running in system mode. (+PAM +AUDIT +SELINUX +IMA +APPARMOR +SMACK +SYSVINIT +UTMP +LIBCRYPTSETUP +GCRYPT +GNUTLS +ACL +XZ -LZ4 +SECCOMP +BLKID +ELFUTILS +KMOD -IDN)
[    4.708495] systemd[1]: Detected virtualization oracle.
[    4.709813] systemd[1]: Detected architecture x86-64.

Welcome to [1mUbuntu 16.04.6 LTS[0m!

[    4.716341] systemd[1]: Set hostname to <ubuntu>.
[    4.722381] systemd[1]: Initializing machine ID from random generator.
[    4.723945] systemd[1]: Installed transient /etc/machine-id file.
[    5.188605] systemd[1]: Listening on Device-mapper event daemon FIFOs.
[[0;32m  OK  [0m] Listening on Device-mapper event daemon FIFOs.
[    5.191529] systemd[1]: Reached target System Time Synchronized.
[[0;32m  OK  [0m] Reached target System Time Synchronized.
[    5.194124] systemd[1]: Reached target Swap.
[[0;32m  OK  [0m] Reached target Swap.
[    5.196222] systemd[1]: Listening on udev Kernel Socket.
[[0;32m  OK  [0m] Listening on udev Kernel Socket.
[    5.199000] systemd[1]: Listening on LVM2 metadata daemon socket.
[[0;32m  OK  [0m] Listening on LVM2 metadata daemon socket.
[    5.201649] systemd[1]: Listening on Journal Socket.
[[0;32m  OK  [0m] Listening on Journal Socket.
[    5.203969] systemd[1]: Listening on LVM2 poll daemon socket.
[[0;32m  OK  [0m] Listening on LVM2 poll daemon socket.
[    5.206488] systemd[1]: Listening on udev Control Socket.
[[0;32m  OK  [0m] Listening on udev Control Socket.
[    5.209197] systemd[1]: Listening on /dev/initctl Compatibility Named Pipe.
[[0;32m  OK  [0m] Listening on /dev/initctl Compatibility Named Pipe.
[    5.212803] systemd[1]: Reached target User and Group Name Lookups.
[[0;32m  OK  [0m] Reached target User and Group Name Lookups.
[    5.388780] systemd[1]: Listening on Journal Audit Socket.
[[0;32m  OK  [0m] Listening on Journal Audit Socket.
[    5.391840] systemd[1]: Reached target Encrypted Volumes.
[[0;32m  OK  [0m] Reached target Encrypted Volumes.
[    5.403224] systemd[1]: Listening on Syslog Socket.
[[0;32m  OK  [0m] Listening on Syslog Socket.
[    6.311862] systemd[1]: Created slice User and Session Slice.
[[0;32m  OK  [0m] Created slice User and Session Slice.
[    6.323382] systemd[1]: Listening on Journal Socket (/dev/log).
[[0;32m  OK  [0m] Listening on Journal Socket (/dev/log).
[    6.326198] systemd[1]: Started Forward Password Requests to Wall Directory Watch.
[[0;32m  OK  [0m] Started Forward Password Requests to Wall Directory Watch.
[    6.329334] systemd[1]: Started Trigger resolvconf update for networkd DNS.
[[0;32m  OK  [0m] Started Trigger resolvconf update for networkd DNS.
[    6.332403] systemd[1]: Set up automount Arbitrary Executable File Formats File System Automount Point.
[[0;32m  OK  [0m] Set up automount Arbitrary Executab...ats File System Automount Point.
[    6.393732] systemd[1]: Created slice System Slice.
[[0;32m  OK  [0m] Created slice System Slice.
[    6.409995] systemd[1]: Mounting Debug File System...
         Mounting Debug File System...
[    6.415239] systemd[1]: Starting Set console keymap...
         Starting Set console keymap...
[    6.423074] systemd[1]: Starting Load Kernel Modules...
         Starting Load Kernel Modules...
[    6.426399] systemd[1]: Starting Uncomplicated firewall...
         Starting Uncomplicated firewall...
[    6.429619] systemd[1]: Reached target Slices.
[[0;32m  OK  [0m] Reached target Slices.
[    6.433939] systemd[1]: Mounting Huge Pages File System...
         Mounting Huge Pages File System...
[    6.439756] systemd[1]: Starting Monitoring of LVM2 mirrors, snapshots etc. using dmeventd or progress polling...
[    6.442873] Loading iSCSI transport class v2.0-870.
         Starting Monitoring of LVM2 mirrors... dmeventd or progress polling...
[    6.447319] systemd[1]: Mounting POSIX Message Queue File System...
         Mounting POSIX Message Queue File System...
[    6.458334] systemd[1]: Starting Remount Root and Kernel File Systems...
         Starting Remount Root and Kernel File Systems...
[    6.463725] systemd[1]: Starting Create list of required static device nodes for the current kernel...
         Starting Create list of required st... nodes for the current kernel...
[    6.469166] systemd[1]: Starting Journal Service...
         [    6.476168] EXT4-fs (sda1): re-mounted. Opts: (null)
Starting Journal Service...
[    6.481320] systemd[1]: Starting Nameserver information manager...
         Starting Nameserver information manager...
[    6.491205] systemd[1]: Created slice system-serial\x2dgetty.slice.
[    6.493755] iscsi: registered transport (tcp)
[[0;32m  OK  [0m] Created slice system-serial\x2dgetty.slice.
[    6.497600] systemd[1]: Mounted POSIX Message Queue File System.
[[0;32m  OK  [0m] Mounted POSIX Message Queue File System.[    6.501540] random: nonblocking pool is initialized

[    6.503888] systemd[1]: Mounted Debug File System.
[[0;32m  OK  [0m] Mounted Debug File System.
[    6.507682] systemd[1]: Mounted Huge Pages File System.
[[0;32m  OK  [0m] Mounted Huge Pages File System.
[    6.512874] systemd[1]: Started Uncomplicated firewall.
[[0;32m  OK  [0m] Started Uncomplicated firewall.
[    6.518172] systemd[1]: Started Remount Root and Kernel File Systems.
[[0;32m  OK  [0m] Started Remount Root and Kernel File Systems.
[    6.524537] systemd[1]: Started Create list of required static device nodes for the current kernel.
[[0;32m  OK  [0m] Started Create list of required sta...ce nodes for the current kernel.
[    6.547185] iscsi: registered transport (iser)
[    6.555006] systemd[1]: Started Load Kernel Modules.
[[0;32m  OK  [0m] Started Load Kernel Modules.
[    6.558957] systemd[1]: Started Journal Service.
[[0;32m  OK  [0m] Started Journal Service.
[[0;32m  OK  [0m] Started Nameserver information manager.
[[0;32m  OK  [0m] Started Set console keymap.
[[0;32m  OK  [0m] Started LVM2 metadata daemon.
         Mounting FUSE Control File System...
         Starting Apply Kernel Variables...
         Starting Create Static Device Nodes in /dev...
         Starting Flush Journal to Persistent Storage...
         Starting udev Coldplug all Devices...
         Starting Load/Save Random Seed...
[[0;32m  OK  [0m] Mounted FUSE Control File System.
[[0;32m  OK  [0m] Started Apply Kernel Variables.
[[0;32m  OK  [0m] Started Load/Save Random Seed.
[[0;32m  OK  [0m] Started Create Static Device Nodes in /dev.
[[0;32m  OK  [0m] Started Flush Journal to Persistent Storage.
[[0;32m  OK  [0m] Started udev Coldplug all Devices.
         Starting udev Kernel Device Manager...
[[0;32m  OK  [0m] Started udev Kernel Device Manager.
[[0;32m  OK  [0m] Started Dispatch Password Requests to Console Directory Watch.
[[0;32m  OK  [0m] Started Monitoring of LVM2 mirrors,...ng dmeventd or progress polling.
[[0;32m  OK  [0m] Reached target Local File Systems (Pre).
[[0;32m  OK  [0m] Reached target Local File Systems.
         Starting Tell Plymouth To Write Out Runtime Data...
         Starting Initial cloud-init job (pre-networking)...
         Starting Commit a transient machine-id on disk...
         Starting Set console font and keymap...
         Starting LSB: AppArmor initialization...
         Starting Create Volatile Files and Directories...
[[0;32m  OK  [0m] Started Tell Plymouth To Write Out Runtime Data.
[[0;32m  OK  [0m] Found device /dev/ttyS0.
[[0;32m  OK  [0m] Started Create Volatile Files and Directories.
[[0;32m  OK  [0m] Started Commit a transient machine-id on disk.
         Starting Update UTMP about System Boot/Shutdown...
[[0;32m  OK  [0m] Started Update UTMP about System Boot/Shutdown.
[[0;32m  OK  [0m] Listening on Load/Save RF Kill Switch Status /dev/rfkill Watch.
[    8.485535] cloud-init[510]: Cloud-init v. 19.2-36-g059d049c-0ubuntu1~16.04.1 running 'init-local' at Wed, 09 Oct 2019 13:51:53 +0000. Up 7.93 seconds.
[[0;32m  OK  [0m] Started Initial cloud-init job (pre-networking).
[[0;32m  OK  [0m] Reached target Network (Pre).
[[0;32m  OK  [0m] Started Set console font and keymap.
[[0;32m  OK  [0m] Created slice system-getty.slice.
[[0;32m  OK  [0m] Started LSB: AppArmor initialization.
         Starting Raise network interfaces...
[[0;32m  OK  [0m] Started Raise network interfaces.
[[0;32m  OK  [0m] Reached target Network.
         Starting Initial cloud-init job (metadata service crawler)...
[   11.331678] cloud-init[952]: Cloud-init v. 19.2-36-g059d049c-0ubuntu1~16.04.1 running 'init' at Wed, 09 Oct 2019 13:51:55 +0000. Up 10.27 seconds.
[   11.334023] cloud-init[952]: ci-info: +++++++++++++++++++++++++++++++++++++Net device info++++++++++++++++++++++++++++++++++++++
[   11.336065] cloud-init[952]: ci-info: +--------+------+---------------------------+---------------+--------+-------------------+
[   11.340398] cloud-init[952]: ci-info: | Device |  Up  |          Address          |      Mask     | Scope  |     Hw-Address    |
[   11.342633] cloud-init[952]: ci-info: +--------+------+---------------------------+---------------+--------+-------------------+
[   11.344711] cloud-init[952]: ci-info: | enp0s3 | True |         10.0.2.15         | 255.255.255.0 | global | 02:0e:9b:2d:5b:92 |
[   11.346777] cloud-init[952]: ci-info: | enp0s3 | True | fe80::e:9bff:fe2d:5b92/64 |       .       |  link  | 02:0e:9b:2d:5b:92 |
[   11.348813] cloud-init[952]: ci-info: |   lo   | True |         127.0.0.1         |   255.0.0.0   |  host  |         .         |
[   11.350847] cloud-init[952]: ci-info: |   lo   | True |          ::1/128          |       .       |  host  |         .         |
[   11.352952] cloud-init[952]: ci-info: +--------+------+---------------------------+---------------+--------+-------------------+
[   11.354896] cloud-init[952]: ci-info: +++++++++++++++++++++++++++Route IPv4 info++++++++++++++++++++++++++++
[   11.356743] cloud-init[952]: ci-info: +-------+-------------+----------+---------------+-----------+-------+
[   11.358547] cloud-init[952]: ci-info: | Route | Destination | Gateway  |    Genmask    | Interface | Flags |
[   11.360673] cloud-init[952]: ci-info: +-------+-------------+----------+---------------+-----------+-------+
[   11.362547] cloud-init[952]: ci-info: |   0   |   0.0.0.0   | 10.0.2.2 |    0.0.0.0    |   enp0s3  |   UG  |
[   11.364414] cloud-init[952]: ci-info: |   1   |   10.0.2.0  | 0.0.0.0  | 255.255.255.0 |   enp0s3  |   U   |
[   11.366214] cloud-init[952]: ci-info: +-------+-------------+----------+---------------+-----------+-------+
[   11.372937] cloud-init[952]: ci-info: +++++++++++++++++++Route IPv6 info+++++++++++++++++++
[   11.374532] cloud-init[952]: ci-info: +-------+-------------+---------+-----------+-------+
[   11.376132] cloud-init[952]: ci-info: | Route | Destination | Gateway | Interface | Flags |
[   11.377754] cloud-init[952]: ci-info: +-------+-------------+---------+-----------+-------+
[   11.379428] cloud-init[952]: ci-info: |   0   |  fe80::/64  |    ::   |   enp0s3  |   U   |
[   11.381088] cloud-init[952]: ci-info: |   3   |   ff00::/8  |    ::   |   enp0s3  |   U   |
[   11.382720] cloud-init[952]: ci-info: +-------+-------------+---------+-----------+-------+
[   11.388623] cloud-init[952]: Generating public/private rsa key pair.
[   11.397065] [[0;32m  OK  [0m] Started Initial cloud-init job (metadata service crawler).
[[0;32m  OK  [0m] Reached target System Initialization.
[[0;32m  OK  [0m] Listening on UUID daemon activation socket.
[[0;32m  OK  [0m] Listening on ACPID Listen Socket.
cloud-init[952]: Your identification has been saved in /etc/ssh/ssh_host_rsa_key.
         Starting LXD - unix socket.
[   11.402389] cloud-init[952]: Your public key has been saved in /etc/ssh/ssh_host_rsa_key.pub.
[   11.412468] cloud-init[952]: The key fingerprint is:
[   11.413817] cloud-init[952]: SHA256:0HBmO/xjXVOxSpJLomT/FN8oPgMv64wqJCSkaT+ZE2E root@ubuntu-xenial
[   11.415612] cloud-init[952]: The key's randomart image is:
[   11.417011] cloud-init[952]: +---[RSA 2048]----+
[[0;32m  OK  [0m] Started ACPI Events Check.
[[0;32m  OK  [0m] Reached target Paths.
[[0;32m  OK  [0m] Started Daily apt download activities.
[[0;32m  OK  [0m] Started Daily Cleanup of Temporary Directories.
[   11.421042] cloud-init[952]: |      . +      .o|
         [   11.429492] cloud-init[952]: | . E   B .  .  ..|
[   11.429942] cloud-init[952]: |o.. . .o=. = .o. |
[   11.430635] cloud-init[952]: |+o .  o.ooo.*.+. |
[   11.431277] cloud-init[952]: |+ . +  .So++.+ . |
[   11.431951] cloud-init[952]: | . B     .*..    |
[   11.432656] cloud-init[952]: |  o o    . *     |
[   11.433321] cloud-init[952]: |   .    o o o    |
[   11.434010] cloud-init[952]: |    .....+       |
[   11.434340] cloud-init[952]: +----[SHA256]-----+
[   11.435039] cloud-init[952]: Generating public/private dsa key pair.
[   11.435367] cloud-init[952]: Your identification has been saved in /etc/ssh/ssh_host_dsa_key.
[   11.436071] cloud-init[952]: Your public key has been saved in /etc/ssh/ssh_host_dsa_key.pub.
Starting Socket activation for snappy daemon.
[[   11.436578] cloud-init[952]: The key fingerprint is:
[   11.448958] cloud-init[952]: SHA256:F7C8VoExDyAV1EPdcPaTNtkQve2XwgqRZlDq+8tsWWA root@ubuntu-xenial
[   11.449089] cloud-init[952]: The key's randomart image is:
[   11.449818] cloud-init[952]: +---[DSA 1024]----+
[   11.450249] cloud-init[952]: |    .o==B=ooo oo |
[   11.450870] cloud-init[952]: |     . o=*.+.. =.|
[   11.451158] cloud-init[952]: |       .+.=   B +|
[   11.451447] cloud-init[952]: |      .  E . . +.|
[   11.451926] cloud-init[952]: |       .S + .  ..|
[   11.452124] cloud-init[952]: |       ..o . o .o|
[   11.452369] cloud-init[952]: |       .  + . . .|
[   11.452964] cloud-init[952]: |        +o .     |
[   11.453265] cloud-init[952]: |        .=.      |
[   11.453730] cloud-init[952]: +----[SHA256]-----+
[   11.454174] cloud-init[952]: Generating public/private ecdsa key pair.
[   11.454902] cloud-init[952]: Your identification has been saved in /etc/ssh/ssh_host_ecdsa_key.
[   11.456366] cloud-init[952]: Your public key has been saved in /etc/ssh/ssh_host_ecdsa_key.pub.
[   11.456971] cloud-init[952]: The key fingerprint is:
[   11.457843] cloud-init[952]: SHA256:GJdQzvyB+689/dJOSWK3fYI1G7gFdIhBiOdAnzytdhs root@ubuntu-xenial
[   11.459310] cloud-init[952]: The key's randomart image is:
[   11.459959] cloud-init[952]: +---[ECDSA 256]---+
[0;32m  OK  [0m] Started Daily apt upgrade and clean activities.
[   11.460528] cloud-init[952]: |     .oo.ooo...  |
[   11.465510] cloud-init[952]: |      oBo=....   |
[   11.465841] cloud-init[952]: |      .+% o .    |
[   11.466168] cloud-init[952]: |       +.= . o   |
[   11.466524] cloud-init[952]: |      . S E .o=o |
[   11.466704] cloud-init[952]: |       . o o.=+++|
[   11.467041] cloud-init[952]: |          o o.o++|
[   11.467378] cloud-init[952]: |           o. ooo|
[   11.467722] cloud-init[952]: |          ..o. +o|
[   11.468159] cloud-init[952]: +----[SHA256]-----+
[   11.468903] cloud-init[952]: Generating public/private ed25519 key pair.
[   11.469687] cloud-init[952]: Your identification has been saved in /etc/ssh/ssh_host_ed25519_key.
[   11.470508] cloud-init[952]: Your public key has been saved in /etc/ssh/ssh_host_ed25519_key.pub.
[   11.471418] cloud-init[952]: The key fingerprint is:
[   11.472014] cloud-init[952]: SHA256:1ZhOhSrVn8MHU0kdVmP9YgNNd7daav6Ek5ZeinHfXUY root@ubuntu-xenial
[   11.472902] cloud-init[952]: The key's randomart image is:
[   11.473832] cloud-init[952]: +--[ED25519 256]--+
[   11.474714] cloud-init[952]: |         . ..=+BO|
[   11.475687] cloud-init[952]: |        . o=+ =.B|
[   11.476875] cloud-init[952]: |       . .=o.= o.|
[   11.477731] cloud-init[952]: |      . .+  = O .|
[   11.478949] cloud-init[952]: |       .S .  B oE|
[   11.479285] cloud-init[952]: |            o +. |
[   11.479619] cloud-init[952]: |           . O oo|
[   11.479993] cloud-init[952]: |            * B.+|
[   11.480373] cloud-init[952]: |           . o oo|
[   11.480552] cloud-init[952]: +----[SHA256]-----+
[[0;32m  OK  [0m] Reached target Timers.
[[0;32m  OK  [0m] Listening on D-Bus System Message Bus Socket.
[[0;32m  OK  [0m] Reached target Network is Online.
         Starting iSCSI initiator daemon (iscsid)...
[[0;32m  OK  [0m] Reached target Cloud-config availability.
[[0;32m  OK  [0m] Listening on LXD - unix socket.
[[0;32m  OK  [0m] Listening on Socket activation for snappy daemon.
[[0;32m  OK  [0m] Reached target Sockets.
[[0;32m  OK  [0m] Reached target Basic System.
[[0;32m  OK  [0m] Started FUSE filesystem for LXC.
[[0;32m  OK  [0m] Started Regular background program processing daemon.
         Starting Login Service...
[[0;32m  OK  [0m] Started D-Bus System Message Bus.
[[0;32m  OK  [0m] Started ACPI event daemon.
         Starting Pollinate to seed the pseudo random number generator...
         Starting System Logging Service...
         Starting LSB: Record successful boot for GRUB...
         Starting /etc/rc.local Compatibility...
         Starting Accounts Service...
         Starting Snappy daemon...
[[0;32m  OK  [0m] Started Deferred execution scheduler.
         Starting Virtualbox guest utils...
         Starting LSB: MD monitoring daemon...
         Starting LXD - container startup/shutdown...
[[0;32m  OK  [0m] Started /etc/rc.local Compatibility.
[[0;32m  OK  [0m] Started System Logging Service.
[[0;32m  OK  [0m] Started iSCSI initiator daemon (iscsid).
         Starting Login to default iSCSI targets...
[[0;32m  OK  [0m] Started Login Service.
[[0;32m  OK  [0m] Started Unattended Upgrades Shutdown.
[[0;32m  OK  [0m] Started LSB: Record successful boot for GRUB.
[[0;32m  OK  [0m] Started LSB: MD monitoring daemon.
[[0;32m  OK  [0m] Started Login to default iSCSI targets.
[[0;32m  OK  [0m] Reached target Remote File Systems (Pre).
[[0;32m  OK  [0m] Reached target Remote File Systems.
         Starting Permit User Sessions...
         Starting LSB: automatic crash report generation...
         Starting LSB: daemon to balance interrupts for SMP systems...
         Starting LSB: Set the CPU Frequency Scaling governor to "ondemand"...
         Starting Authenticate and Authorize Users to Run Privileged Tasks...
[[0;32m  OK  [0m] Started Permit User Sessions.
         Starting Hold until boot process finishes up...
         Starting Terminate Plymouth Boot Screen...
[[0;32m  OK  [0m] Started Virtualbox guest utils.
[[0;32m  OK  [0m] Started LSB: Set the CPU Frequency Scaling governor to "ondemand".
[[0;32m  OK  [0m] Started Hold until boot process finishes up.
[[0;32m  OK  [0m] Started Terminate Plymouth Boot Screen.
[[0;32m  OK  [0m] Started LXD - container startup/shutdown.
[[0;32m  OK  [0m] Started LSB: automatic crash report generation.
[[0;32m  OK  [0m] Started Authenticate and Authorize Users to Run Privileged Tasks.
[[0;32m  OK  [0m] Started Accounts Service.
[[0;32m  OK  [0m] Started Serial Getty on ttyS0.
         Starting Set console scheme...
[[0;32m  OK  [0m] Started Getty on tty1.
[[0;32m  OK  [0m] Reached target Login Prompts.
[[0;32m  OK  [0m] Started LSB: daemon to balance interrupts for SMP systems.
[[0;32m  OK  [0m] Started Set console scheme.
[[0;32m  OK  [0m] Started Pollinate to seed the pseudo random number generator.
         Starting OpenBSD Secure Shell server...
[[0;32m  OK  [0m] Started Snappy daemon.
         Starting Wait until snapd is fully seeded...
[[0;32m  OK  [0m] Started OpenBSD Secure Shell server.
[[0;32m  OK  [0m] Created slice User Slice of vagrant.
         Starting User Manager for UID 1000...
[[0;32m  OK  [0m] Started Session 1 of user vagrant.
[[0;32m  OK  [0m] Started User Manager for UID 1000.
[[0;32m  OK  [0m] Started Wait until snapd is fully seeded.
         Starting Apply the settings specified in cloud-config...
[[0;32m  OK  [0m] Reached target Multi-User System.
[[0;32m  OK  [0m] Reached target Graphical Interface.
         Starting Update UTMP about System Runlevel Changes...
[[0;32m  OK  [0m] Started Update UTMP about System Runlevel Changes.
[   14.244903] cloud-init[1382]: Generating locales (this might take a while)...
[   15.489594] cloud-init[1382]:   en_US.UTF-8... done
[   15.492290] cloud-init[1382]: Generation complete.
[   15.971681] cloud-init[1382]: Cloud-init v. 19.2-36-g059d049c-0ubuntu1~16.04.1 running 'modules:config' at Wed, 09 Oct 2019 13:51:59 +0000. Up 14.05 seconds.
[[0;32m  OK  [0m] Started Apply the settings specified in cloud-config.
         Starting Execute cloud user/final scripts...
ci-info: no authorized ssh keys fingerprints found for user ubuntu.
<14>Oct  9 13:52:02 ec2: 
<14>Oct  9 13:52:02 ec2: #############################################################
<14>Oct  9 13:52:02 ec2: -----BEGIN SSH HOST KEY FINGERPRINTS-----
<14>Oct  9 13:52:02 ec2: 1024 SHA256:F7C8VoExDyAV1EPdcPaTNtkQve2XwgqRZlDq+8tsWWA root@ubuntu-xenial (DSA)
<14>Oct  9 13:52:02 ec2: 256 SHA256:GJdQzvyB+689/dJOSWK3fYI1G7gFdIhBiOdAnzytdhs root@ubuntu-xenial (ECDSA)
<14>Oct  9 13:52:02 ec2: 256 SHA256:1ZhOhSrVn8MHU0kdVmP9YgNNd7daav6Ek5ZeinHfXUY root@ubuntu-xenial (ED25519)
<14>Oct  9 13:52:02 ec2: 2048 SHA256:0HBmO/xjXVOxSpJLomT/FN8oPgMv64wqJCSkaT+ZE2E root@ubuntu-xenial (RSA)
<14>Oct  9 13:52:02 ec2: -----END SSH HOST KEY FINGERPRINTS-----
<14>Oct  9 13:52:02 ec2: #############################################################
-----BEGIN SSH HOST KEY KEYS-----
ecdsa-sha2-nistp256 AAAAE2VjZHNhLXNoYTItbmlzdHAyNTYAAAAIbmlzdHAyNTYAAABBBNSHTEHXpnuEhHkBvr5RlveO6K1AD5wD9wQVV47oEi9sLujzPkxQepVBLYUVj4DaYM6xYMZb0Ik+eZrOtr2gGKk= root@ubuntu-xenial
ssh-ed25519 AAAAC3NzaC1lZDI1NTE5AAAAIH0zZzms3UMj9oZaF6btmYzzj2FjNPvUBsIT3vSlDrTq root@ubuntu-xenial
ssh-rsa AAAAB3NzaC1yc2EAAAADAQABAAABAQDfGWfaA6vVkn5ISITJmMPCAyMhNZFPhvpCwYdFaAKrm0Pg9IF+v0dkgKPpcKdRBeqL2L/pAeUZ6C3VnmQ033i5ayQUvn5NAXiEo+k8XZcbXfH6AMzB8mbv7wZ+kxGZ4yFa8LsIUtUOKMDfB2BFxJxm+DxkDyvtyzXLjPZKNaANv9uKs68hMrqTrVtRN/Wt5gudIIsaFhM6dlak1ypAp++4JMdOqItI6iOpG8q+HUWyKTznYVvkspv7amRlhvM37+iAtYsaWUl4jRyQXfUaTnEHATyh5AW1un1oiyz4Kzn4HSJudDd/nl5UR32G2gD+NrZuRtRfdMLVnEc0CfR2R4c/ root@ubuntu-xenial
-----END SSH HOST KEY KEYS-----
[   16.717254] cloud-init[1548]: Cloud-init v. 19.2-36-g059d049c-0ubuntu1~16.04.1 running 'modules:final' at Wed, 09 Oct 2019 13:52:02 +0000. Up 16.50 seconds.
[   16.721205] cloud-init[1548]: ci-info: no authorized ssh keys fingerprints found for user ubuntu.
[   16.723927] cloud-init[1548]: Cloud-init v. 19.2-36-g059d049c-0ubuntu1~16.04.1 finished at Wed, 09 Oct 2019 13:52:02 +0000. Datasource DataSourceNoCloud [seed=/dev/sdb][dsmode=net].  Up 16.70 seconds
[[0;32m  OK  [0m] Started Execute cloud user/final scripts.
[[0;32m  OK  [0m] Reached target Cloud-init target.

Ubuntu 16.04.6 LTS ubuntu-xenial ttyS0

ubuntu-xenial login: 